
============================================================
Product ID: 74
python : Traceback (most recent call last):
At line:1 char:1
+ python test_product_detail.py 2>&1 > test_output.txt ; cat test_outpu ...
+ ~~~~~~~~~~~~~~~~~~~~~~~~~~~~~~~~~~~~~~~~~~~~~~~~~~~~
    + CategoryInfo          : NotSpecified: (Traceback (most recent call last) 
   ::String) [], RemoteException
    + FullyQualifiedErrorId : NativeCommandError
 
  File "D:\TeddyShop\test_product_detail.py", line 21, in <module>
    print(f"Product Name: {product.name}")
  File "C:\Users\Acer\AppData\Local\Programs\Python\Python311\Lib\encodings\cp1
252.py", line 19, in encode
    return codecs.charmap_encode(input,self.errors,encoding_table)[0]
           ^^^^^^^^^^^^^^^^^^^^^^^^^^^^^^^^^^^^^^^^^^^^^^^^^^^^^^^
UnicodeEncodeError: 'charmap' codec can't encode characters in position 15-16: 
character maps to <undefined>
